
Top 3 source nodes by EMD contribution:
  1. GLU363: 0.7220
  2. ARG365: 0.6284
  3. GLN359: 0.6021

Top 3 target nodes by EMD contribution:
  1. ARG311: 0.6081
  2. LEU320: 0.5739
  3. ASN336: 0.5584
Node EMD: 9.396146795902272

Top 3 source edges by EMD contribution:
  1. GLN359-VAL360: 0.6676
  2. HSD358-GLN359: 0.5999
  3. GLU364-ARG365: 0.5844

Top 3 target edges by EMD contribution:
  1. LEU320-GLN323: 0.5841
  2. ASN336-TYR339: 0.5623
  3. THR310-ARG311: 0.5274
Edge EMD: 9.151503352622118
Total Distance: 18.54765014852439

Results saved to: /tmp/ter_apo_symavg_singlechain_segment2_distance_popular6_g102d_v2/wt_vs_e150k/distance.txt
