
Top 3 source nodes by EMD contribution:
  1. GLU364: 0.5329
  2. GLN359: 0.4941
  3. THR370: 0.4518

Top 3 target nodes by EMD contribution:
  1. ASN336: 0.5180
  2. GLN316: 0.4864
  3. GLN323: 0.4304
Node EMD: 8.804485915006547

Top 3 source edges by EMD contribution:
  1. GLU364-ARG365: 0.5103
  2. ALA304-LEU353: 0.4462
  3. GLN359-VAL360: 0.3783

Top 3 target edges by EMD contribution:
  1. ASN336-TYR339: 0.5410
  2. GLN323-LEU324: 0.3903
  3. THR313-GLN316: 0.3770
Edge EMD: 8.418500326785413
Total Distance: 17.222986241791958

Results saved to: /tmp/ter_apo_symavg_singlechain_segment2_distance_popular6_g102d_v2/wt_vs_g102d_v2/distance.txt
