
Top 3 source nodes by EMD contribution:
  1. THR160: 0.2413
  2. LEU101: 0.2037
  3. HSD100: 0.1874

Top 3 target nodes by EMD contribution:
  1. GLY138: 0.1924
  2. GLU107: 0.1748
  3. ARG94: 0.1215
Node EMD: 2.798734789952188

Top 3 source edges by EMD contribution:
  1. THR160-PRO161: 0.2527
  2. HSD100-LEU101: 0.1605
  3. PRO161-THR162: 0.1169

Top 3 target edges by EMD contribution:
  1. GLY138-HSD139: 0.1485
  2. ASN18-GLU19: 0.0911
  3. GLU19-VAL20: 0.0910
Edge EMD: 2.5506668745266174
Total Distance: 5.349401664478806

Results saved to: /tmp/ter_apo_symavg_singlechain_distance_popular6_g102d_v2/g102d_v2_vs_e150k/distance.txt
