
Top 3 source nodes by EMD contribution:
  1. ARG158: 0.6680
  2. VAL153: 0.5598
  3. GLU156: 0.5137

Top 3 target nodes by EMD contribution:
  1. ARG104: 0.5852
  2. THR103: 0.5781
  3. GLN109: 0.4802
Node EMD: 9.5406422982483

Top 3 source edges by EMD contribution:
  1. GLU156-GLU157: 0.5542
  2. GLU157-ARG158: 0.5462
  3. GLN152-VAL153: 0.5373

Top 3 target edges by EMD contribution:
  1. THR103-ARG104: 0.5014
  2. LEU117-LEU120: 0.4558
  3. LEU101-ASP102: 0.4513
Edge EMD: 9.222946869206881
Total Distance: 18.76358916745518

Results saved to: /tmp/ter_apo_symavg_singlechain_distance_popular6_g102d_v2/wt_vs_g102d_v2/distance.txt
